stm32f1xx_hal_rcc.c:200:19:HAL_RCC_DeInit	16	static
stm32f1xx_hal_rcc.c:335:19:HAL_RCC_OscConfig	32	static
stm32f1xx_hal_rcc.c:753:19:HAL_RCC_ClockConfig	24	static
stm32f1xx_hal_rcc.c:933:6:HAL_RCC_MCOConfig	48	static
stm32f1xx_hal_rcc.c:970:6:HAL_RCC_EnableCSS	4	static
stm32f1xx_hal_rcc.c:978:6:HAL_RCC_DisableCSS	4	static
stm32f1xx_hal_rcc.c:1011:10:HAL_RCC_GetSysClockFreq	32	static
stm32f1xx_hal_rcc.c:1103:10:HAL_RCC_GetHCLKFreq	4	static
stm32f1xx_hal_rcc.c:1113:10:HAL_RCC_GetPCLK1Freq	8	static
stm32f1xx_hal_rcc.c:1125:10:HAL_RCC_GetPCLK2Freq	8	static
stm32f1xx_hal_rcc.c:1138:6:HAL_RCC_GetOscConfig	16	static
stm32f1xx_hal_rcc.c:1219:6:HAL_RCC_GetClockConfig	16	static
stm32f1xx_hal_rcc.c:1256:6:HAL_RCC_NMI_IRQHandler	8	static
stm32f1xx_hal_rcc.c:1272:13:RCC_Delay	24	static,ignoring_inline_asm
stm32f1xx_hal_rcc.c:1283:13:HAL_RCC_CSSCallback	4	static
