main.c:94:5:main	8	static
main.c:152:6:SystemClock_Config	72	static
main.c:188:13:MX_TIM2_Init	32	static
main.c:233:13:MX_GPIO_Init	32	static
main.c:282:6:updateClockBuffer	4	static
main.c:295:6:setTimer1	16	static
main.c:300:6:timer_run	4	static
main.c:313:6:setTimer2	16	static
main.c:318:6:timer_run0	4	static
main.c:329:7:update7SEG	16	static
main.c:364:7:display7SEG	16	static
main.c:462:7:rstMatrix	8	static
main.c:466:7:updateLEDMatrix	16	static
main.c:630:6:HAL_TIM_PeriodElapsedCallback	16	static
main.c:642:6:Error_Handler	4	static,ignoring_inline_asm
