main.c:80:5:main	8	static
main.c:136:6:SystemClock_Config	72	static
main.c:172:13:MX_TIM2_Init	32	static
main.c:217:13:MX_GPIO_Init	32	static
main.c:266:6:updateClockBuffer	4	static
main.c:279:6:setTimer1	16	static
main.c:284:6:timer_run	4	static
main.c:297:6:setTimer2	16	static
main.c:302:6:timer_run0	4	static
main.c:313:7:update7SEG	16	static
main.c:348:7:display7SEG	16	static
main.c:446:7:rstMatrix	8	static
main.c:450:7:updateLEDMatrix	16	static
main.c:483:6:HAL_TIM_PeriodElapsedCallback	16	static
main.c:495:6:Error_Handler	4	static,ignoring_inline_asm
